start=2026-08-29T17:05:10Z
HEAD=9c37e34a9a1971057d304dab1bc4b893dafc17a6
jar_sha=936a262061c914694dfd669a543be24573c45d5aa0ff20a8b96b23d01e050e88  /home/martin/.cache/acgs-tlc/tla2tools-v1.7.4.jar
PASS apcc_safety.cfg: exit=0; Progress(31) at 2026-08-29 10:05:13: 77,299 states generated (77,299 s/min), 29,315 distinct states found (29,315 ds/min), 3,478 states left on queue. | 1125912 states generated, 250101 distinct states found, 0 states left on queue. | The depth of the complete state graph search is 74.
PASS apcc_liveness.cfg: exit=0; Progress(39) at 2026-08-29 10:05:59: 535 states generated (535 s/min), 256 distinct states found (256 ds/min), 85 states left on queue. | Progress(59) at 2026-08-29 10:06:34: 9,427 states generated, 1,843 distinct states found, 0 states left on queue. | 9427 states generated, 1843 distinct states found, 0 states left on queue. | The depth of the complete state graph search is 59.
PASS apcc_witness_valid_chain.cfg: exit=12; 19873 states generated, 8577 distinct states found, 1485 states left on queue. | The depth of the complete state graph search is 23.
PASS apcc_witness_exact_replay.cfg: exit=12; 74797 states generated, 28634 distinct states found, 3432 states left on queue. | The depth of the complete state graph search is 31.
PASS apcc_witness_stale_rejection.cfg: exit=12; Progress(31) at 2026-08-29 10:06:43: 78,766 states generated (78,766 s/min), 29,738 distinct states found (29,738 ds/min), 3,453 states left on queue. | 159956 states generated, 58536 distinct states found, 6160 states left on queue. | The depth of the complete state graph search is 37.
PASS apcc_witness_revocation.cfg: exit=12; 23706 states generated, 10112 distinct states found, 1534 states left on queue. | The depth of the complete state graph search is 24.
PASS apcc_witness_recovery.cfg: exit=12; Progress(31) at 2026-08-29 10:06:52: 75,913 states generated (75,913 s/min), 28,972 distinct states found (28,972 ds/min), 3,454 states left on queue. | 84709 states generated, 32263 distinct states found, 3626 states left on queue. | The depth of the complete state graph search is 32.
PASS apcc_ablation_guard_reread.cfg: exit=12; 24 states generated, 22 distinct states found, 12 states left on queue. | The depth of the complete state graph search is 8.
PASS apcc_ablation_supersession.cfg: exit=12; 64921 states generated, 25201 distinct states found, 3326 states left on queue. | The depth of the complete state graph search is 30.
PASS apcc_ablation_status_window.cfg: exit=12; 23705 states generated, 10111 distinct states found, 1533 states left on queue. | The depth of the complete state graph search is 24.
PASS apcc_ablation_attempt_guard.cfg: exit=12; Progress(34) at 2026-08-29 10:07:01: 117,042 states generated (117,042 s/min), 44,036 distinct states found (44,036 ds/min), 5,046 states left on queue. | 528870 states generated, 149854 distinct states found, 13025 states left on queue. | The depth of the complete state graph search is 46.
PASS apcc_ablation_revocation_closure.cfg: exit=12; Progress(33) at 2026-08-29 10:07:15: 105,366 states generated (105,366 s/min), 39,921 distinct states found (39,921 ds/min), 4,477 states left on queue. | 244209 states generated, 85559 distinct states found, 7599 states left on queue. | The depth of the complete state graph search is 41.
PASS apcc_ablation_propagation_fence.cfg: exit=12; Progress(34) at 2026-08-29 10:07:22: 112,994 states generated (112,994 s/min), 42,599 distinct states found (42,599 ds/min), 4,879 states left on queue. | 244209 states generated, 85559 distinct states found, 7599 states left on queue. | The depth of the complete state graph search is 41.
PASS apcc_ablation_recovery_authority.cfg: exit=12; 84709 states generated, 32263 distinct states found, 3626 states left on queue. | The depth of the complete state graph search is 32.
PASS apcc_ablation_supersession_nonretroactivity.cfg: exit=12; Progress(34) at 2026-08-29 10:07:32: 112,329 states generated (112,329 s/min), 42,373 distinct states found (42,373 ds/min), 4,848 states left on queue. | 140811 states generated, 52375 distinct states found, 5885 states left on queue. | The depth of the complete state graph search is 36.
PASS apcc_witness_invalid_authorization.cfg: exit=12; 3100 states generated, 1246 distinct states found, 268 states left on queue. | The depth of the complete state graph search is 16.
PASS apcc_witness_invalid_receipt.cfg: exit=12; 3104 states generated, 1248 distinct states found, 269 states left on queue. | The depth of the complete state graph search is 16.
PASS apcc_witness_status_binding.cfg: exit=12; Progress(31) at 2026-08-29 10:07:39: 78,532 states generated (78,532 s/min), 29,672 distinct states found (29,672 ds/min), 3,461 states left on queue. | 957749 states generated, 224345 distinct states found, 3567 states left on queue. | The depth of the complete state graph search is 64.
PASS apcc_ablation_authorization_evidence.cfg: exit=12; 3104 states generated, 1246 distinct states found, 268 states left on queue. | The depth of the complete state graph search is 16.
PASS apcc_ablation_receipt_evidence.cfg: exit=12; 3108 states generated, 1248 distinct states found, 269 states left on queue. | The depth of the complete state graph search is 16.
PASS apcc_ablation_status_binding.cfg: exit=12; Progress(34) at 2026-08-29 10:08:18: 113,551 states generated (113,551 s/min), 42,778 distinct states found (42,778 ds/min), 4,903 states left on queue. | 751978 states generated, 188317 distinct states found, 3800 states left on queue. | The depth of the complete state graph search is 55.
PASS apcc_witness_legacy_status.cfg: exit=12; Progress(31) at 2026-08-29 10:08:38: 82,305 states generated (82,305 s/min), 31,017 distinct states found (31,017 ds/min), 3,496 states left on queue. | 978997 states generated, 227913 distinct states found, 3567 states left on queue. | The depth of the complete state graph search is 65.
PASS apcc_ablation_legacy_status.cfg: exit=12; Progress(34) at 2026-08-29 10:09:16: 110,504 states generated (110,504 s/min), 41,792 distinct states found (41,792 ds/min), 4,760 states left on queue. | 978997 states generated, 227913 distinct states found, 3567 states left on queue. | The depth of the complete state graph search is 65.
PASS apcc_causal_safety.cfg: exit=0; 22 states generated, 21 distinct states found, 0 states left on queue. | The depth of the complete state graph search is 21.
PASS apcc_causal_witness.cfg: exit=12; 21 states generated, 21 distinct states found, 0 states left on queue. | The depth of the complete state graph search is 21.
PASS apcc_causal_ablation.cfg: exit=12; 12 states generated, 12 distinct states found, 0 states left on queue. | The depth of the complete state graph search is 12.
PASS apcc_multitenant_safety.cfg: exit=0; 265 states generated, 100 distinct states found, 0 states left on queue. | The depth of the complete state graph search is 7.
PASS apcc_multitenant_witness.cfg: exit=12; 246 states generated, 97 distinct states found, 15 states left on queue. | The depth of the complete state graph search is 7.
PASS apcc_multitenant_nonce_ablation.cfg: exit=12; 8 states generated, 8 distinct states found, 5 states left on queue. | The depth of the complete state graph search is 3.
PASS apcc_multitenant_actor_ablation.cfg: exit=12; 5 states generated, 5 distinct states found, 3 states left on queue. | The depth of the complete state graph search is 2.
PASS apcc_multitenant_target_witness.cfg: exit=12; 80 states generated, 47 distinct states found, 28 states left on queue. | The depth of the complete state graph search is 4.
PASS apcc_multitenant_target_ablation.cfg: exit=12; 4 states generated, 4 distinct states found, 2 states left on queue. | The depth of the complete state graph search is 2.
exit=0
end=2026-08-29T17:09:48Z
